
TRANSACT TRANSACTION_ACCOUNT_NO                   TRANSACTION_AMOUNT TRANSACTION_NAME     BID_ACCOUNT_NO                           CATEGORY   TRANSACTION_SEQ
-------- ---------------------------------------- ------------------ -------------------- ---------------------------------------- ---------- ---------------
20/06/03 1827-5736-1823                                       100000 김혜주               7263-1826-19273                          D                        1
20/06/03 7162-18263-192                                        70000 이상현               7263-1826-19273                          D                        2
20/06/04 8472-18273-1826                                       60000 전혜원               7263-1826-19273                          D                        3
20/06/05 8173-18263-182                                        20000 박천호               7263-1826-19273                          D                        4
20/06/08 7162-18263-192                                        70000 이상현               7263-1826-19273                          W                        5
20/06/08 8472-18273-1826                                       60000 전혜원               7263-1826-19273                          W                        6
20/06/08 8173-18263-182                                        20000 박천호               7263-1826-19273                          W                        7
20/06/11 923-1827-19273                                       100000 이진희               7263-1826-19273                          W                        8
20/06/03 321-2347-72312                                       100000 나경주               17653-17263-182                          D                        9

9개 행이 선택되었습니다. 


BID_ACCOUNT_NO                           CREATE_D ACCOUNT_NAME ACCOUNT_HOLDER      
---------------------------------------- -------- ------------ --------------------
182-1837-19573                           20/06/06            1 행원A               
176-3716-18263                           20/06/10            2 행원B               
563-16351-5826                           20/06/04            3 행원C               
7263-1826-19273                          20/06/03            4 행원D               
8165-28162-381                           20/06/02            5 행원E               
5763-72631-18731                         20/06/01            6 행원F               
17653-17263-182                          20/05/31            7 행원G               
726-17263-1875                           20/05/30            8 행원H               
5826-71623-1827                          20/05/29            9 행원I               
523-17263-1872                           20/05/28           10 행원J               

10개 행이 선택되었습니다. 


BID_MODE   START_DA CLOSE_DA STATUS     START_PRICE   BID_UNIT AUCTION_SEQ
---------- -------- -------- ---------- ----------- ---------- -----------
O          20/06/06 20/06/10 ON               50000      10000           1
O          20/06/10 20/06/20 ST               30000      10000           2
O          20/06/04 20/06/08 ON               20000      10000           3
C          20/06/03 20/06/07 CL               10000       5000           4
C          20/06/02 20/06/06 CL              100000      20000           5
O          20/06/01 20/06/05 CL               60000      30000           6
O          20/05/31 20/06/04 CL               30000      10000           7
C          20/05/30 20/06/03 CL               40000      10000           8
O          20/05/29 20/06/02 CL               50000      10000           9
O          20/05/28 20/06/01 CL              200000      20000          10

10개 행이 선택되었습니다. 


CODE_NO    CODE_NAME                      CODE_CATEG USAGE
---------- ------------------------------ ---------- -----
M          남자                           100        Y    
F          여자                           100        Y    
01         하나은행                       200        Y    
02         국민은행                       200        Y    
03         기업은행                       200        Y    
04         신한은행                       200        Y    
05         우리은행                       200        Y    
S          SELLER                         300        Y    
B          BIDDER                         300        Y    
FA         FASHION                        400        Y    
BE         BEAUTY                         400        Y    
FO         FOOD                           400        Y    
HA         HOME_APPLIANCES                400        Y    
FR         FRAGLE                         500        Y    
PE         PERISHABLE                     500        Y    
O          OPEN                           600        Y    
C          CLOSE                          600        Y    
ST         STANDBY                        700        Y    
ON         ONGOING                        700        Y    
CL         CLOSE                          700        Y    
D          DEPOSIT                        800        Y    
W          WITHDRAW                       800        Y    

22개 행이 선택되었습니다. 


CATEGORY   FEATURE    REGISTRA NAME                           AUCTION_SEQ
---------- ---------- -------- ------------------------------ -----------
FA         NONE       20/05/25 자라 셔츠                                1
FA         NONE       20/05/24 지오다노 셔츠                            2
FA         NONE       20/05/23 유니클로 히트텍                          3
FO         PE         20/05/22 영광굴비                                 4
FO         PE         20/05/21 나주배                                   5
HA         FR         20/05/20 선풍기                                   6
HA         FR         20/05/19 전자레인지                               7
BE         NONE       20/05/18 선크림                                   8
BE         NONE       20/05/17 핸드크림                                 9
FA         NONE       20/05/16 구찌 목걸이                             10

10개 행이 선택되었습니다. 


CODE_CATEG CODE_NAME                     
---------- ------------------------------
100        성별                          
200        계좌은행                      
300        회원유형                      
400        상품카테고리                  
500        상품특징                      
600        입찰방식                      
700        처리상태                      
800        거래유형                      

8개 행이 선택되었습니다. 


MEMBER_ID                      NAME                 SOCIAL_SECURITY_NO   SEX CELL_PHONE_NO       EMAIL                                              ADDRESS                                                                                                                                                                                                  ACCOUNT_NO                               ACCOUNT_BA
------------------------------ -------------------- -------------------- --- ------------------- -------------------------------------------------- -------------------------------------------------------------------------------------------------------------------------------------------------------------------------------------------------------- ---------------------------------------- ----------
burce                          이진희               990717-2342945       F   010-4211-1928       burce@gmail.com                                    서울특별시 서초구 양재동 275                                                                                                                                                                             923-1827-19273                           01        
dannath                        전혜원               910226-2981599       F   010-9182-9381       dannath@naver.com                                  서울특별시 강남구 도곡동 467-6                                                                                                                                                                           8472-18273-1826                          02        
domine                         이상현               900824-1619654       M   010-3927-1927       domine@daum.net                                    서울특별시 서초구 양재동 67-5                                                                                                                                                                            7162-18263-192                           03        
gunnocoxus                     김혜주               980405-2980640       F   010-7162-3912       gunnocoxus@gmail.com                               서울특별시 강남구 도곡1동 도곡로 204                                                                                                                                                                     1827-5736-1823                           02        
handil                         박진우               950113-1929114       M   010-9217-5638       handil@naver.com                                   서울특별시 강남구 개포4동 언주로 101                                                                                                                                                                     192-5736-18263                           04        
lorian                         박천호               940120-1372926       M   010-1726-1528       lorian@hanmail.net                                 경기도 성남시 분당구 삼평동 대왕판교로 670                                                                                                                                                               8173-18263-182                           04        
maiven                         김윤후               931017-1811575       M   010-9381-2936       maiven@gmail.com                                   경기도 성남시 분당구 삼평동                                                                                                                                                                              37162-172635-172                         05        
paroc                          정승원               940415-2351829       F   010-1527-5821       paroc@naver.com                                    서울특별시 강남구 일원동 일원로 37                                                                                                                                                                       8562-28163-1827                          02        
sinkin                         양은희               940807-2082430       F   010-1726-5927       sinkin@gmail.com                                   서울특별시 강남구 대치1동 선릉로 224                                                                                                                                                                     6737-18253-182                           01        
tessa                          소재원               930221-1185074       M   010-5972-9172       tessa@gmail.com                                    서울특별시 강남구 개포동 12-4                                                                                                                                                                            5836-18273-182                           03        

10개 행이 선택되었습니다. 


MEMBER_ID                      AUCTION_SEQ MEMBER_TYP
------------------------------ ----------- ----------
burce                                    4 S         
dannath                                  4 B         
domine                                   4 B         
gunnocoxus                               4 B         
lorian                                   4 B         


 WIN_PRICE WIN_DATE MEMBER_ID                      AUCTION_SEQ MEMBER_TYP
---------- -------- ------------------------------ ----------- ----------
    100000 20/06/07 gunnocoxus                               4 B         
    200000 20/06/06 sinkin                                   5 B         


NAME                 ADDRESS                                                                                                                                                                                                  CELL_PHONE_NO      
-------------------- -------------------------------------------------------------------------------------------------------------------------------------------------------------------------------------------------------- -------------------
김혜주               서울특별시 강남구 도곡1동 도곡로 204                                                                                                                                                                     010-7162-3912      


MEMBER_ID                      NAME                 CELL_PHONE_NO       EMAIL                                              ACCOUNT_NO                               ACCOUNT_BA
------------------------------ -------------------- ------------------- -------------------------------------------------- ---------------------------------------- ----------
burce                          이진희               010-4211-1928       burce@gmail.com                                    923-1827-19273                           01        


NAME                 ADDRESS                                                                                                                                                                                                  CELL_PHONE_NO      
-------------------- -------------------------------------------------------------------------------------------------------------------------------------------------------------------------------------------------------- -------------------
김혜주               서울특별시 강남구 도곡1동 도곡로 204                                                                                                                                                                     010-7162-3912      


MEMBER_ID                      NAME                 CELL_PHONE_NO       EMAIL                                              ACCOUNT_NO                               ACCOUNT_BA
------------------------------ -------------------- ------------------- -------------------------------------------------- ---------------------------------------- ----------
burce                          이진희               010-4211-1928       burce@gmail.com                                    923-1827-19273                           01        


Function SUM_DEPOSIT이(가) 컴파일되었습니다.


SUM_DEPOSIT
-----------
     100000


행 시작 중 오류 발생: 56 파일 @ C:\Users\Na\Desktop\HanaKopoEdu\DB\Final_Project\모델링\0608_DB과제\1_나성주_PL.sql
명령 -
CREATE TABLE DEPOSIT_SUMMARY_T (
    MEETING_ACCOUT_NAME  NUMBER NOT NULL,
    MEETING_ACCOUNT_NO  VARCHAR2(30),
    DEPOSITER VARCHAR2(20) NOT NULL,
    TRANSACTION_ACCOUNT_NO VARCHAR2(30),
    TOTAL_DEPOSIT_AMOUNT NUMBER
)
오류 보고 -
ORA-00955: 기존의 객체가 이름을 사용하고 있습니다.
00955. 00000 -  "name is already used by an existing object"
*Cause:    
*Action:

Comment이(가) 생성되었습니다.


Comment이(가) 생성되었습니다.


Comment이(가) 생성되었습니다.


Comment이(가) 생성되었습니다.


Comment이(가) 생성되었습니다.


Comment이(가) 생성되었습니다.


행 시작 중 오류 발생: 75 파일 @ C:\Users\Na\Desktop\HanaKopoEdu\DB\Final_Project\모델링\0608_DB과제\1_나성주_PL.sql
명령 -
ALTER TABLE DEPOSIT_SUMMARY_T
 ADD CONSTRAINT DEPOSIT_SUMMARY_T_PK PRIMARY KEY ( MEETING_ACCOUNT_NO,TRANSACTION_ACCOUNT_NO )
오류 보고 -
ORA-02260: 테이블에는 하나의 기본 키만 가질 수 있습니다.
02260. 00000 -  "table can have only one primary key"
*Cause:    Self-evident.
*Action:   Remove the extra primary key.

Procedure SHOW_BIDDERS_DEPOSITS이(가) 컴파일되었습니다.


PL/SQL 프로시저가 성공적으로 완료되었습니다.


MEETING_ACCOUT_NAME MEETING_ACCOUNT_NO             DEPOSITER            TRANSACTION_ACCOUNT_NO         TOTAL_DEPOSIT_AMOUNT
------------------- ------------------------------ -------------------- ------------------------------ --------------------
                  4 7263-1826-19273                이상현               7162-18263-192                                70000
                  4 7263-1826-19273                전혜원               8472-18273-1826                               60000
                  4 7263-1826-19273                박천호               8173-18263-182                                20000
                  4 7263-1826-19273                김혜주               1827-5736-1823                               100000

